[3m[1m[34m≈[39m[22m[23m tailwindcss [34mv4.2.0[39m

Done in [34m56ms[39m
[3m[1m[34m≈[39m[22m[23m tailwindcss [34mv4.2.0[39m

Done in [34m50ms[39m
DEPRECATION WARNING: resource received a hash argument only. Please use a keyword instead. Support to hash argument will be removed in Rails 8.2. (called from block in <main> at /home/runner/work/TEST-COP/TEST-COP/config/routes.rb:2)
DEPRECATION WARNING: resource received a hash argument path. Please use a keyword instead. Support to hash argument will be removed in Rails 8.2. (called from block in <main> at /home/runner/work/TEST-COP/TEST-COP/config/routes.rb:2)
DEPRECATION WARNING: resource received a hash argument path_names. Please use a keyword instead. Support to hash argument will be removed in Rails 8.2. (called from block in <main> at /home/runner/work/TEST-COP/TEST-COP/config/routes.rb:2)
DEPRECATION WARNING: resource received a hash argument controller. Please use a keyword instead. Support to hash argument will be removed in Rails 8.2. (called from block in <main> at /home/runner/work/TEST-COP/TEST-COP/config/routes.rb:2)
Running 12 tests in a single process (parallelization threshold is 50)
Run options: --seed 28797

# Running:

...F

Failure:
LinksTest#test_cannot_create_link_without_url [test/integration/links_test.rb:6]:
Expected response to be a <422: unprocessable_entity>, but was a <500: Internal Server Error>

bin/rails test test/integration/links_test.rb:4

........

Finished in 0.921133s, 13.0274 runs/s, 19.5411 assertions/s.
12 runs, 18 assertions, 1 failures, 0 errors, 0 skips
